// Jest Snapshot v1, https://goo.gl/fbAQLP

exports[`matches snapshot 1`] = `
<div
  className="bg-footer py-3 flex justify-center"
  data-testid="footer"
>
  <p
    className="text-sm text-gray-900"
    data-testid="footer-text"
  >
    2020 - All rights reserved
  </p>
</div>
`;
