// Jest Snapshot v1, https://goo.gl/fbAQLP

exports[`<Player /> match snapshot 1`] = `
<DndProvider
  backend={[Function]}
>
  <Player
    player={Object {}}
  />
</DndProvider>
`;
