// Jest Snapshot v1, https://goo.gl/fbAQLP

exports[`<NewSquad /> should matches snapshot 1`] = `
Array [
  <nav
    className="flex px-8 py-2 items-center justify-between bg-gradient-to-r from-primary-dark to-secondary-dark text-white"
    data-testid="header"
  >
    <div>
      <p
        className="text-lg"
      >
        Squad Management Tool
      </p>
    </div>
    <div
      className="flex items-center"
    >
      <p
        className="text-sm mr-2 invisible md:visible"
      >
        John Doe
      </p>
      <p
        className="bg-white py-2 px-3 rounded-full text-black"
      >
        JD
      </p>
    </div>
  </nav>,
  <div
    className="flex flex-col md:flex-row bg-background justify-center w-full px-5 md:px-10"
    data-testid="page"
  >
    <div
      className="bg-white rounded-lg shadow-lg my-10 w-full"
      data-testid="card"
    >
      <div
        className="flex p-8 justify-between items-center border-b-2 border-gray-200"
      >
        <h1
          className="text-secondary-dark font-bold text-md"
          data-testid="card-title"
        >
          Create your team
        </h1>
      </div>
      <div
        className="py-5 px-2"
        data-testid="card-children"
      >
        <div>
          <h1
            className="text-center text-gray-600 text-base mb-5"
          >
            TEAM INFORMATION
          </h1>
          <div
            className="flex flex-col md:flex-row justify-center py-5 md:px-20"
          >
            <div
              className="md:w-full md:px-20"
            >
              <div
                className="w-full"
              >
                <label
                  htmlFor="teamName"
                >
                  <p
                    className="font-bold text-base"
                    data-testid="label"
                  >
                    Team Name
                  </p>
                  <input
                    className="border-2 w-full rounded p-1 focus:border-gray-500 my-3"
                    data-testid="input"
                    id="teamName"
                    onChange={[Function]}
                    value=""
                  />
                </label>
              </div>
              <div
                className="h-full"
              >
                <label
                  htmlFor="description"
                >
                  <p
                    className="font-bold text-base"
                  >
                    Description
                  </p>
                  <textarea
                    className="resize-none w-full my-3 p-1 border-2 border-gray-400 rounded"
                    data-testid="description"
                    id="description"
                    onChange={[Function]}
                    rows="5"
                    value=""
                  />
                </label>
              </div>
            </div>
            <div
              className="md:w-full md:px-20"
            >
              <div
                className="w-full"
              >
                <label
                  htmlFor="teamWebSite"
                >
                  <p
                    className="font-bold text-base"
                    data-testid="label"
                  >
                    Team website
                  </p>
                  <input
                    className="border-2 w-full rounded p-1 focus:border-gray-500 my-3"
                    data-testid="input"
                    id="teamWebSite"
                    onChange={[Function]}
                    placeholder="https://myteam.com"
                    type="text"
                    value=""
                  />
                </label>
              </div>
              <div
                className=""
              >
                <p
                  className="font-bold text-base mb-2"
                >
                  Team type
                </p>
                <div
                  className="flex justify-between"
                >
                  <button
                    className="flex items-center"
                    data-testid="button-real"
                    onClick={[Function]}
                    type="button"
                  >
                    <div
                      className="rounded-full p-3 border-1 mr-3 relative border-gray-500"
                      data-testid="radio-real"
                    />
                    <p
                      className="inline text-sm text-gray-500"
                      data-testid="label-real"
                    >
                      Real
                    </p>
                  </button>
                  <button
                    className="flex items-center"
                    data-testid="button-fantasy"
                    onClick={[Function]}
                    type="button"
                  >
                    <div
                      className="rounded-full p-3 border-1 mr-3 relative border-gray-500"
                      data-testid="radio-fantasy"
                    />
                    <p
                      className="inline text-sm text-gray-500"
                      data-testid="label-fantasy"
                    >
                      Fantasy
                    </p>
                  </button>
                </div>
              </div>
              <div
                className="my-3 md:h-full"
              >
                <label
                  htmlFor="tags"
                >
                  <p
                    className="font-bold text-base"
                  >
                    Tags
                  </p>
                  <button
                    className="flex rounded border-2 border-gray-400 my-3 py-2 w-full min-height-3 z-10"
                    data-testid="button-field"
                    onClick={[Function]}
                    type="button"
                  >
                    <div
                      className="flex flex-wrap relative"
                      data-testid="tags"
                    >
                      <p
                        className="inline text-base"
                        data-testid="value"
                      >
                        
                      </p>
                    </div>
                    <textarea
                      className="opacity-0 resize-none absolute z-0"
                      data-testid="textarea"
                      id="tags"
                      onChange={[Function]}
                      value=""
                    />
                  </button>
                </label>
              </div>
            </div>
          </div>
        </div>
        <div
          className="mt-5"
        >
          <h1
            className="text-center text-gray-600 text-base"
          >
            CONFIGURE SQUAD
          </h1>
          <div
            className="flex flex-col md:flex-row justify-center py-5 md:px-20"
          >
            <div
              className="md:w-full md:px-20"
            >
              <div>
                <div
                  className="flex items-center mb-3 justify-between md:justify-start"
                >
                  <p
                    className="inline text-base font-bold md:mr-8"
                    label="formation"
                  >
                    Formation
                  </p>
                  <div
                    className="relative w-40"
                  >
                    <button
                      className="bg-white border-2 border-gray-600 rounded cursor-pointer"
                      data-testid="button"
                      onClick={[Function]}
                      type="button"
                    >
                      <div
                        className="flex"
                      >
                        <p
                          className="py-1 w-24"
                          data-testid="value"
                        >
                          Chose one...
                        </p>
                        <div
                          className="border-l-2 border-gray-600 flex items-center justify-center px-1"
                        >
                          <svg
                            className="text-black"
                            fill="currentColor"
                            height={24}
                            size={24}
                            stroke="currentColor"
                            strokeWidth="0"
                            style={
                              Object {
                                "color": undefined,
                              }
                            }
                            viewBox="0 0 24 24"
                            width={24}
                            xmlns="http://www.w3.org/2000/svg"
                          >
                            <path
                              d="M7.41 7.84L12 12.42l4.59-4.58L18 9.25l-6 6-6-6z"
                            />
                          </svg>
                        </div>
                      </div>
                    </button>
                  </div>
                </div>
                <div
                  className="bg-gradient-to-t from-secondary-dark to-secondary-light rounded-sm p-2 mb-5 justify-center"
                  data-testid="formation"
                />
              </div>
              <button
                className="bg-gradient-to-t from-secondary-dark to-secondary-light w-full text-white text-base font-bold rounded-sm py-2 mb-5"
                onClick={[Function]}
                type="button"
              >
                Save
              </button>
            </div>
            <div
              className="md:w-full md:px-20"
            >
              <div
                className="w-full"
              >
                <label
                  htmlFor="searchPlayers"
                >
                  <p
                    className="font-bold text-base"
                    data-testid="label"
                  >
                    Search Players
                  </p>
                  <input
                    className="border-2 w-full rounded p-1 focus:border-gray-500 mb-5"
                    data-testid="search-input"
                    id="searchPlayers"
                    onChange={[Function]}
                    value=""
                  />
                </label>
              </div>
              <div />
            </div>
          </div>
        </div>
      </div>
    </div>
  </div>,
  <div
    className="bg-footer py-3 flex justify-center"
    data-testid="footer"
  >
    <p
      className="text-sm text-gray-900"
      data-testid="footer-text"
    >
      2020 - All rights reserved
    </p>
  </div>,
]
`;
